﻿
> flow-crm@0.0.0 build
> vite build

[36mvite v6.4.1 [32mbuilding for production...[36m[39m
transforming...
[32m??[39m 13 modules transformed.
node.exe : [31m??[39m Build failed in 300ms
위치 줄:1 문자:1
+ & "C:\Program Files\nodejs/node.exe" "C:\Program Files\nodejs/node_mo ...
+ ~~~~~~~~~~~~~~~~~~~~~~~~~~~~~~~~~~~~~~~~~~~~~~~~~~~~~~~~~~~~~~~~~~~~~
    + CategoryInfo          : NotSpecified: ([31m??[39m Build failed in 300ms:String) [], RemoteException
    + FullyQualifiedErrorId : NativeCommandError
 
[31merror during build:
[31m[vite-plugin-pwa:build] [plugin vite-plugin-pwa:build] components/CustomerDetailSidebar.tsx (125:14): There was an
 error during the build:
  Transform failed with 4 errors:
C:/Users/User/Desktop/?깃컻諛?flow-crm/components/CustomerDetailSidebar.tsx:125:14: ERROR: Unexpected closing "button" tag
 does not match opening "div" tag
C:/Users/User/Desktop/?깃컻諛?flow-crm/components/CustomerDetailSidebar.tsx:153:13: ERROR: The character "}" is not valid 
inside a JSX element
C:/Users/User/Desktop/?깃컻諛?flow-crm/components/CustomerDetailSidebar.tsx:156:8: ERROR: Unexpected closing "div" tag doe
s not match opening fragment tag
C:/Users/User/Desktop/?깃컻諛?flow-crm/components/CustomerDetailSidebar.tsx:157:7: ERROR: Unterminated regular expression
Additionally, handling the error in the 'buildEnd' hook caused the following error:
  Transform failed with 4 errors:
C:/Users/User/Desktop/?깃컻諛?flow-crm/components/CustomerDetailSidebar.tsx:125:14: ERROR: Unexpected closing "button" tag
 does not match opening "div" tag
C:/Users/User/Desktop/?깃컻諛?flow-crm/components/CustomerDetailSidebar.tsx:153:13: ERROR: The character "}" is not valid 
inside a JSX element
C:/Users/User/Desktop/?깃컻諛?flow-crm/components/CustomerDetailSidebar.tsx:156:8: ERROR: Unexpected closing "div" tag doe
s not match opening fragment tag
C:/Users/User/Desktop/?깃컻諛?flow-crm/components/CustomerDetailSidebar.tsx:157:7: ERROR: Unterminated regular expression
[31m
file: [36mC:/Users/User/Desktop/?깃컻諛?flow-crm/components/CustomerDetailSidebar.tsx:125:14[31m
[33m
[33mUnexpected closing "button" tag does not match opening "div" tag[33m
123|                ?붽툑
124|              </button>
125|              </button>
   |                ^
126|            </div>
127|  

[33mThe character "}" is not valid inside a JSX element[33m
151|                />
152|              )}
153|              )}
   |               ^
154|            </div>
155|          </div>

[33mUnexpected closing "div" tag does not match opening fragment tag[33m
154|            </div>
155|          </div>
156|        </div>
   |          ^
157|      </>
158|    );

[33mUnterminated regular expression[33m
155|          </div>
156|        </div>
157|      </>
   |         ^
158|    );
159|  };
[31m
    at getRollupError (file:///C:/Users/User/Desktop/%EC%95%B1%EA%B0%9C%EB%B0%9C/flow-crm/node_modules/rollup/dist/es/s
hared/parseAst.js:401:41)
    at file:///C:/Users/User/Desktop/%EC%95%B1%EA%B0%9C%EB%B0%9C/flow-crm/node_modules/rollup/dist/es/shared/node-entry
.js:23390:39
    at process.processTicksAndRejections (node:internal/process/task_queues:105:5)
    at async catchUnfinishedHookActions (file:///C:/Users/User/Desktop/%EC%95%B1%EA%B0%9C%EB%B0%9C/flow-crm/node_module
s/rollup/dist/es/shared/node-entry.js:22848:16)
    at async rollupInternal (file:///C:/Users/User/Desktop/%EC%95%B1%EA%B0%9C%EB%B0%9C/flow-crm/node_modules/rollup/dis
t/es/shared/node-entry.js:23373:5)
    at async buildEnvironment (file:///C:/Users/User/Desktop/%EC%95%B1%EA%B0%9C%EB%B0%9C/flow-crm/node_modules/vite/dis
t/node/chunks/dep-D4NMHUTW.js:46235:14)
    at async Object.defaultBuildApp [as buildApp] (file:///C:/Users/User/Desktop/%EC%95%B1%EA%B0%9C%EB%B0%9C/flow-crm/n
ode_modules/vite/dist/node/chunks/dep-D4NMHUTW.js:46713:5)
    at async CAC.<anonymous> (file:///C:/Users/User/Desktop/%EC%95%B1%EA%B0%9C%EB%B0%9C/flow-crm/node_modules/vite/dist
/node/cli.js:863:7)[39m
